../Core/Src/drive_controller.cpp:25:6:void HAL_TIM_PeriodElapsedCallback(TIM_HandleTypeDef*)	16	static
../Core/Src/drive_controller.cpp:37:1:drive::drive()	16	static
../Core/Src/drive_controller.cpp:42:6:void drive::update()	16	static
../Core/Src/drive_controller.cpp:48:6:void drive::set_position_to_go(float)	16	static
../Core/Src/drive_controller.cpp:53:6:void drive::move(float)	24	static
../Core/Src/drive_controller.cpp:59:7:float drive::get_position()	16	static
../Core/Src/drive_controller.cpp:64:7:float drive::get_velocity()	16	static
../Core/Src/drive_controller.cpp:71:6:void drive::move_to_encoder_position(uint16_t)	40	static
../Core/Src/drive_controller.cpp:88:6:void drive::calibrate_encoder()	16	static
../Core/Src/drive_controller.cpp:100:1:void __static_initialization_and_destruction_0(int, int)	16	static
../Core/Src/drive_controller.cpp:100:1:cpp)	8	static
