../Core/Src/motor_controller.cpp:24:6:void HAL_TIM_PeriodElapsedCallback(TIM_HandleTypeDef*)	16	static
../Core/Src/motor_controller.cpp:35:1:motor::motor()	16	static
../Core/Src/motor_controller.cpp:40:6:void motor::update()	16	static
../Core/Src/motor_controller.cpp:46:6:void motor::set_position_to_go(float)	16	static
../Core/Src/motor_controller.cpp:51:6:void motor::_apply_speed(float)	24	static
../Core/Src/motor_controller.cpp:57:7:float motor::get_position()	16	static
../Core/Src/motor_controller.cpp:62:7:float motor::get_velocity()	16	static
../Core/Src/motor_controller.cpp:67:7:float motor::read_encoder()	32	static
../Core/Src/motor_controller.cpp:76:1:void __static_initialization_and_destruction_0(int, int)	16	static
../Core/Src/motor_controller.cpp:76:1:cpp)	8	static
