../Core/Src/tmc5160.c:78:6:tmc5160_position	24	static
../Core/Src/tmc5160.c:93:6:tmc5160_move	32	static
../Core/Src/tmc5160.c:130:6:tmc5160_set_default_vel	16	static
../Core/Src/tmc5160.c:155:6:tmc5160_velocity	32	static
../Core/Src/tmc5160.c:181:6:tmc5160_effort	32	static
../Core/Src/tmc5160.c:200:6:tmc5160_acceleration	24	static
../Core/Src/tmc5160.c:238:6:tmc5160_write	16	static
../Core/Src/tmc5160.c:246:6:tmc5160_read	24	static,ignoring_inline_asm
../Core/Src/tmc5160.c:260:9:tmc5160_position_read	32	static
../Core/Src/tmc5160.c:280:9:tmc5160_velocity_read	32	static
../Core/Src/tmc5160.c:303:6:tmc5160_init	24	static
../Core/Src/tmc5160.c:364:6:tmc5160_set_motor_direction	32	static
../Core/Src/tmc5160.c:380:6:tmc5160_set_zero	16	static
../Core/Src/tmc5160.c:390:6:tmc5160_disarm	8	static
../Core/Src/tmc5160.c:395:6:tmc5160_arm	8	static
../Core/Src/tmc5160.c:400:6:tmc5160_stop	24	static
../Core/Src/tmc5160.c:417:9:tmc5160_torque_to_curent	40	static
