../Core/Src/tmc5160.c:85:6:tmc5160_position	24	static
../Core/Src/tmc5160.c:100:6:tmc5160_move	32	static
../Core/Src/tmc5160.c:137:6:tmc5160_set_default_vel	16	static
../Core/Src/tmc5160.c:162:6:tmc5160_velocity	32	static
../Core/Src/tmc5160.c:188:6:tmc5160_effort	32	static
../Core/Src/tmc5160.c:207:6:tmc5160_acceleration	24	static
../Core/Src/tmc5160.c:245:6:tmc5160_write	16	static
../Core/Src/tmc5160.c:253:6:tmc5160_read	24	static
../Core/Src/tmc5160.c:265:9:tmc5160_position_read	32	static
../Core/Src/tmc5160.c:285:9:tmc5160_velocity_read	32	static
../Core/Src/tmc5160.c:308:6:tmc5160_init	16	static
../Core/Src/tmc5160.c:364:6:tmc5160_set_motor_direction	32	static
../Core/Src/tmc5160.c:380:6:tmc5160_set_zero	24	static
../Core/Src/tmc5160.c:393:6:tmc5160_disarm	8	static
../Core/Src/tmc5160.c:398:6:tmc5160_arm	8	static
../Core/Src/tmc5160.c:403:6:tmc5160_stop	24	static
../Core/Src/tmc5160.c:420:5:tmc5160_torque_to_curent	40	static
../Core/Src/tmc5160.c:427:6:tmc5160_motor_config	32	static
