../Core/Src/tmc5160.c:78:6:tmc5160_position	24	static
../Core/Src/tmc5160.c:93:6:tmc5160_move	32	static
../Core/Src/tmc5160.c:133:6:tmc5160_set_default_vel	16	static
../Core/Src/tmc5160.c:158:6:tmc5160_velocity	32	static
../Core/Src/tmc5160.c:188:6:tmc5160_effort	32	static
../Core/Src/tmc5160.c:207:6:tmc5160_acceleration	24	static
../Core/Src/tmc5160.c:245:6:tmc5160_write	16	static
../Core/Src/tmc5160.c:253:6:tmc5160_read	24	static,ignoring_inline_asm
../Core/Src/tmc5160.c:267:9:tmc5160_position_read	32	static
../Core/Src/tmc5160.c:287:9:tmc5160_velocity_read	32	static
../Core/Src/tmc5160.c:310:6:tmc5160_init	24	static
../Core/Src/tmc5160.c:372:6:tmc5160_set_motor_direction	32	static
../Core/Src/tmc5160.c:388:6:tmc5160_set_zero	16	static
../Core/Src/tmc5160.c:398:6:tmc5160_disarm	8	static
../Core/Src/tmc5160.c:403:6:tmc5160_arm	8	static
../Core/Src/tmc5160.c:408:6:tmc5160_stop	24	static
../Core/Src/tmc5160.c:425:9:tmc5160_torque_to_curent	40	static
